{"level":"info","message":"Hello from Acquistions!","service":"acquistions api"}
{"level":"info","message":"::1 - - [20/Jan/2026:07:48:11 +0000] \"GET / HTTP/1.1\" 200 25 \"-\" \"Mozilla/5.0 (Macintosh; Intel Mac OS X 10_15_7) AppleWebKit/537.36 (KHTML, like Gecko) Chrome/144.0.0.0 Safari/537.36\"","service":"acquistions api"}
{"level":"info","message":"Hello from Acquistions!","service":"acquistions api"}
{"level":"info","message":"::1 - - [20/Jan/2026:08:57:47 +0000] \"GET / HTTP/1.1\" 304 - \"-\" \"Mozilla/5.0 (Macintosh; Intel Mac OS X 10_15_7) AppleWebKit/537.36 (KHTML, like Gecko) Chrome/144.0.0.0 Safari/537.36\"","service":"acquistions api"}
{"level":"info","message":"Hello from Acquistions!","service":"acquistions api","timestamp":"2026-01-20T10:15:04.240Z"}
{"level":"info","message":"::1 - - [20/Jan/2026:10:15:04 +0000] \"GET / HTTP/1.1\" 304 - \"-\" \"Mozilla/5.0 (Macintosh; Intel Mac OS X 10_15_7) AppleWebKit/537.36 (KHTML, like Gecko) Chrome/144.0.0.0 Safari/537.36\"","service":"acquistions api","timestamp":"2026-01-20T10:15:04.250Z"}
{"level":"info","message":"Hello from Acquistions!","service":"acquistions api","timestamp":"2026-01-20T12:30:02.942Z"}
{"level":"info","message":"::1 - - [20/Jan/2026:12:30:02 +0000] \"GET / HTTP/1.1\" 304 - \"-\" \"Mozilla/5.0 (Macintosh; Intel Mac OS X 10_15_7) AppleWebKit/537.36 (KHTML, like Gecko) Chrome/144.0.0.0 Safari/537.36\"","service":"acquistions api","timestamp":"2026-01-20T12:30:02.949Z"}
{"level":"info","message":"::1 - - [20/Jan/2026:12:30:08 +0000] \"GET /api HTTP/1.1\" 200 39 \"-\" \"Mozilla/5.0 (Macintosh; Intel Mac OS X 10_15_7) AppleWebKit/537.36 (KHTML, like Gecko) Chrome/144.0.0.0 Safari/537.36\"","service":"acquistions api","timestamp":"2026-01-20T12:30:08.792Z"}
{"level":"info","message":"::1 - - [20/Jan/2026:12:30:25 +0000] \"GET /health HTTP/1.1\" 200 76 \"-\" \"Mozilla/5.0 (Macintosh; Intel Mac OS X 10_15_7) AppleWebKit/537.36 (KHTML, like Gecko) Chrome/144.0.0.0 Safari/537.36\"","service":"acquistions api","timestamp":"2026-01-20T12:30:25.041Z"}
{"level":"info","message":"::1 - - [20/Jan/2026:12:31:32 +0000] \"POST /apii%20 HTTP/1.1\" 404 147 \"-\" \"PostmanRuntime/7.51.0\"","service":"acquistions api","timestamp":"2026-01-20T12:31:32.315Z"}
{"level":"info","message":"::1 - - [20/Jan/2026:12:31:55 +0000] \"POST /api/ HTTP/1.1\" 404 144 \"-\" \"PostmanRuntime/7.51.0\"","service":"acquistions api","timestamp":"2026-01-20T12:31:55.690Z"}
{"level":"info","message":"::1 - - [20/Jan/2026:12:31:59 +0000] \"GET /api HTTP/1.1\" 200 39 \"-\" \"PostmanRuntime/7.51.0\"","service":"acquistions api","timestamp":"2026-01-20T12:31:59.831Z"}
{"level":"info","message":"Hello from Acquistions!","service":"acquistions api","timestamp":"2026-01-20T12:32:03.709Z"}
{"level":"info","message":"::1 - - [20/Jan/2026:12:32:03 +0000] \"GET / HTTP/1.1\" 200 25 \"-\" \"PostmanRuntime/7.51.0\"","service":"acquistions api","timestamp":"2026-01-20T12:32:03.711Z"}
{"level":"info","message":"::1 - - [20/Jan/2026:12:32:09 +0000] \"GET /health HTTP/1.1\" 200 77 \"-\" \"PostmanRuntime/7.51.0\"","service":"acquistions api","timestamp":"2026-01-20T12:32:09.504Z"}
{"level":"info","message":"::1 - - [20/Jan/2026:12:32:32 +0000] \"GET /health HTTP/1.1\" 200 105 \"-\" \"PostmanRuntime/7.51.0\"","service":"acquistions api","timestamp":"2026-01-20T12:32:32.017Z"}
{"level":"info","message":"::1 - - [20/Jan/2026:12:32:47 +0000] \"GET /api/auth/sign-in HTTP/1.1\" 404 155 \"-\" \"PostmanRuntime/7.51.0\"","service":"acquistions api","timestamp":"2026-01-20T12:32:47.783Z"}
{"level":"info","message":"::1 - - [20/Jan/2026:12:32:51 +0000] \"POST /api/auth/sign-in HTTP/1.1\" 200 31 \"-\" \"PostmanRuntime/7.51.0\"","service":"acquistions api","timestamp":"2026-01-20T12:32:51.534Z"}
{"level":"info","message":"::1 - - [20/Jan/2026:15:50:25 +0000] \"POST /api/auth/sign-up HTTP/1.1\" 200 31 \"-\" \"PostmanRuntime/7.51.0\"","service":"acquistions api","timestamp":"2026-01-20T15:50:25.009Z"}
{"level":"info","message":"::1 - - [20/Jan/2026:15:53:17 +0000] \"POST /api/auth/sign-up HTTP/1.1\" 400 287 \"-\" \"PostmanRuntime/7.51.0\"","service":"acquistions api","timestamp":"2026-01-20T15:53:17.911Z"}
{"level":"info","message":"::1 - - [20/Jan/2026:15:54:50 +0000] \"POST /api/auth/sign-up HTTP/1.1\" 400 287 \"-\" \"PostmanRuntime/7.51.0\"","service":"acquistions api","timestamp":"2026-01-20T15:54:50.531Z"}
{"level":"info","message":"::1 - - [20/Jan/2026:15:55:51 +0000] \"POST /api/auth/sign-up HTTP/1.1\" 400 287 \"-\" \"PostmanRuntime/7.51.0\"","service":"acquistions api","timestamp":"2026-01-20T15:55:51.411Z"}
{"level":"info","message":"::1 - - [20/Jan/2026:15:56:10 +0000] \"GET /api/auth/sign-up HTTP/1.1\" 404 155 \"-\" \"PostmanRuntime/7.51.0\"","service":"acquistions api","timestamp":"2026-01-20T15:56:10.950Z"}
{"level":"info","message":"::1 - - [20/Jan/2026:15:56:13 +0000] \"POST /api/auth/sign-up HTTP/1.1\" 400 833 \"-\" \"PostmanRuntime/7.51.0\"","service":"acquistions api","timestamp":"2026-01-20T15:56:13.788Z"}
{"level":"info","message":"::1 - - [20/Jan/2026:15:59:31 +0000] \"POST /api/auth/sign-up HTTP/1.1\" 400 59 \"-\" \"PostmanRuntime/7.51.0\"","service":"acquistions api","timestamp":"2026-01-20T15:59:31.386Z"}
{"level":"info","message":"::1 - - [20/Jan/2026:15:59:33 +0000] \"POST /api/auth/sign-up HTTP/1.1\" 400 59 \"-\" \"PostmanRuntime/7.51.0\"","service":"acquistions api","timestamp":"2026-01-20T15:59:33.517Z"}
{"level":"info","message":"::1 - - [20/Jan/2026:15:59:34 +0000] \"POST /api/auth/sign-up HTTP/1.1\" 400 59 \"-\" \"PostmanRuntime/7.51.0\"","service":"acquistions api","timestamp":"2026-01-20T15:59:34.146Z"}
{"level":"info","message":"::1 - - [20/Jan/2026:16:00:14 +0000] \"POST /api/auth/sign-up HTTP/1.1\" 400 167 \"-\" \"PostmanRuntime/7.51.0\"","service":"acquistions api","timestamp":"2026-01-20T16:00:14.036Z"}
{"level":"info","message":"::1 - - [20/Jan/2026:16:00:42 +0000] \"POST /api/auth/sign-up HTTP/1.1\" 400 115 \"-\" \"PostmanRuntime/7.51.0\"","service":"acquistions api","timestamp":"2026-01-20T16:00:42.519Z"}
{"level":"info","message":"::1 - - [20/Jan/2026:16:00:58 +0000] \"POST /api/auth/sign-up HTTP/1.1\" 400 92 \"-\" \"PostmanRuntime/7.51.0\"","service":"acquistions api","timestamp":"2026-01-20T16:00:58.965Z"}
{"level":"info","message":"::1 - - [20/Jan/2026:16:01:21 +0000] \"POST /api/auth/sign-up HTTP/1.1\" 400 91 \"-\" \"PostmanRuntime/7.51.0\"","service":"acquistions api","timestamp":"2026-01-20T16:01:21.038Z"}
{"level":"info","message":"User registered successfuly: anuj@gmail.com","service":"acquistions api","timestamp":"2026-01-20T16:01:26.902Z"}
{"level":"info","message":"::1 - - [20/Jan/2026:16:01:26 +0000] \"POST /api/auth/sign-up HTTP/1.1\" 201 98 \"-\" \"PostmanRuntime/7.51.0\"","service":"acquistions api","timestamp":"2026-01-20T16:01:26.905Z"}
{"level":"error","message":"Error hashing the password: Error: data and salt arguments required","service":"acquistions api","timestamp":"2026-01-20T16:17:57.277Z"}
{"level":"error","message":"Error creating user: TypeError: Cannot convert undefined or null to object","service":"acquistions api","timestamp":"2026-01-20T16:17:57.279Z"}
{"level":"error","message":"Signup Error Cannot read properties of undefined (reading 'id')","service":"acquistions api","stack":"TypeError: Cannot read properties of undefined (reading 'id')\n    at signup (file:///Users/anuj846k/Developer/acquisitions/src/controllers/auth.controller.js:22:16)\n    at process.processTicksAndRejections (node:internal/process/task_queues:105:5)","timestamp":"2026-01-20T16:17:57.279Z"}
{"level":"info","message":"::1 - - [20/Jan/2026:16:17:57 +0000] \"POST /api/auth/sign-up HTTP/1.1\" 500 408 \"-\" \"PostmanRuntime/7.51.0\"","service":"acquistions api","timestamp":"2026-01-20T16:17:57.281Z"}
{"level":"error","message":"Error hashing the password: Error: data and salt arguments required","service":"acquistions api","timestamp":"2026-01-20T16:18:17.027Z"}
{"level":"error","message":"Error creating user: TypeError: Cannot convert undefined or null to object","service":"acquistions api","timestamp":"2026-01-20T16:18:17.028Z"}
{"level":"error","message":"Signup Error Cannot read properties of undefined (reading 'id')","service":"acquistions api","stack":"TypeError: Cannot read properties of undefined (reading 'id')\n    at signup (file:///Users/anuj846k/Developer/acquisitions/src/controllers/auth.controller.js:22:16)\n    at process.processTicksAndRejections (node:internal/process/task_queues:105:5)","timestamp":"2026-01-20T16:18:17.028Z"}
{"level":"info","message":"::1 - - [20/Jan/2026:16:18:17 +0000] \"POST /api/auth/sign-up HTTP/1.1\" 500 408 \"-\" \"PostmanRuntime/7.51.0\"","service":"acquistions api","timestamp":"2026-01-20T16:18:17.030Z"}
{"level":"error","message":"Error hashing the password: Error: data and salt arguments required","service":"acquistions api","timestamp":"2026-01-20T16:21:22.327Z"}
{"level":"error","message":"Error creating user: TypeError: Cannot convert undefined or null to object","service":"acquistions api","timestamp":"2026-01-20T16:21:22.330Z"}
{"level":"error","message":"Signup Error Cannot read properties of undefined (reading 'id')","service":"acquistions api","stack":"TypeError: Cannot read properties of undefined (reading 'id')\n    at signup (file:///Users/anuj846k/Developer/acquisitions/src/controllers/auth.controller.js:22:16)\n    at process.processTicksAndRejections (node:internal/process/task_queues:105:5)","timestamp":"2026-01-20T16:21:22.330Z"}
{"level":"info","message":"::1 - - [20/Jan/2026:16:21:22 +0000] \"POST /api/auth/sign-up HTTP/1.1\" 500 408 \"-\" \"PostmanRuntime/7.51.0\"","service":"acquistions api","timestamp":"2026-01-20T16:21:22.331Z"}
{"level":"error","message":"Error hashing the password: Error: data and salt arguments required","service":"acquistions api","timestamp":"2026-01-20T16:21:34.950Z"}
{"level":"error","message":"Error creating user: TypeError: object is not iterable (cannot read property Symbol(Symbol.iterator))","service":"acquistions api","timestamp":"2026-01-20T16:21:34.953Z"}
{"level":"error","message":"Signup Error Cannot read properties of undefined (reading 'id')","service":"acquistions api","stack":"TypeError: Cannot read properties of undefined (reading 'id')\n    at signup (file:///Users/anuj846k/Developer/acquisitions/src/controllers/auth.controller.js:22:16)\n    at process.processTicksAndRejections (node:internal/process/task_queues:105:5)","timestamp":"2026-01-20T16:21:34.954Z"}
{"level":"info","message":"::1 - - [20/Jan/2026:16:21:34 +0000] \"POST /api/auth/sign-up HTTP/1.1\" 500 408 \"-\" \"PostmanRuntime/7.51.0\"","service":"acquistions api","timestamp":"2026-01-20T16:21:34.957Z"}
{"level":"error","message":"Error creating user: Error: Password is required for hashing","service":"acquistions api","timestamp":"2026-01-20T16:23:05.425Z"}
{"level":"error","message":"Signup Error Cannot read properties of undefined (reading 'id')","service":"acquistions api","stack":"TypeError: Cannot read properties of undefined (reading 'id')\n    at signup (file:///Users/anuj846k/Developer/acquisitions/src/controllers/auth.controller.js:22:16)\n    at process.processTicksAndRejections (node:internal/process/task_queues:105:5)","timestamp":"2026-01-20T16:23:05.427Z"}
{"level":"info","message":"::1 - - [20/Jan/2026:16:23:05 +0000] \"POST /api/auth/sign-up HTTP/1.1\" 500 408 \"-\" \"PostmanRuntime/7.51.0\"","service":"acquistions api","timestamp":"2026-01-20T16:23:05.428Z"}
{"level":"error","message":"Error creating user: Error: Password is required for hashing","service":"acquistions api","timestamp":"2026-01-20T16:24:06.125Z"}
{"level":"error","message":"Signup Error Cannot read properties of undefined (reading 'id')","service":"acquistions api","stack":"TypeError: Cannot read properties of undefined (reading 'id')\n    at signup (file:///Users/anuj846k/Developer/acquisitions/src/controllers/auth.controller.js:22:16)\n    at process.processTicksAndRejections (node:internal/process/task_queues:105:5)","timestamp":"2026-01-20T16:24:06.128Z"}
{"level":"info","message":"::1 - - [20/Jan/2026:16:24:06 +0000] \"POST /api/auth/sign-up HTTP/1.1\" 500 408 \"-\" \"PostmanRuntime/7.51.0\"","service":"acquistions api","timestamp":"2026-01-20T16:24:06.130Z"}
{"level":"error","message":"Error hashing the password: Error: data and salt arguments required","service":"acquistions api","timestamp":"2026-01-20T16:26:05.806Z"}
{"level":"error","message":"Error creating the user: Error: Error hashing","service":"acquistions api","timestamp":"2026-01-20T16:26:05.810Z"}
{"level":"error","message":"Signup Error Error hashing","service":"acquistions api","stack":"Error: Error hashing\n    at hashPassword (file:///Users/anuj846k/Developer/acquisitions/src/services/auth.service.js:12:11)\n    at process.processTicksAndRejections (node:internal/process/task_queues:105:5)\n    at async createUser (file:///Users/anuj846k/Developer/acquisitions/src/services/auth.service.js:36:27)\n    at async signup (file:///Users/anuj846k/Developer/acquisitions/src/controllers/auth.controller.js:20:18)","timestamp":"2026-01-20T16:26:05.811Z"}
{"level":"info","message":"::1 - - [20/Jan/2026:16:26:05 +0000] \"POST /api/auth/sign-up HTTP/1.1\" 500 601 \"-\" \"PostmanRuntime/7.51.0\"","service":"acquistions api","timestamp":"2026-01-20T16:26:05.815Z"}
{"level":"error","message":"Error creating the user: TypeError: Cannot convert undefined or null to object","service":"acquistions api","timestamp":"2026-01-20T16:27:22.020Z"}
{"level":"error","message":"Signup error Cannot convert undefined or null to object","service":"acquistions api","stack":"TypeError: Cannot convert undefined or null to object\n    at Function.entries (<anonymous>)\n    at orderSelectedFields (file:///Users/anuj846k/Developer/acquisitions/node_modules/drizzle-orm/utils.js:55:17)\n    at file:///Users/anuj846k/Developer/acquisitions/node_modules/drizzle-orm/utils.js:65:22\n    at Array.reduce (<anonymous>)\n    at orderSelectedFields (file:///Users/anuj846k/Developer/acquisitions/node_modules/drizzle-orm/utils.js:55:33)\n    at QueryPromise.returning (file:///Users/anuj846k/Developer/acquisitions/node_modules/drizzle-orm/pg-core/query-builders/insert.js:75:29)\n    at createUser (file:///Users/anuj846k/Developer/acquisitions/src/services/auth.service.js:41:8)\n    at async signup (file:///Users/anuj846k/Developer/acquisitions/src/controllers/auth.controller.js:21:18)","timestamp":"2026-01-20T16:27:22.023Z"}
{"level":"info","message":"::1 - - [20/Jan/2026:16:27:22 +0000] \"POST /api/auth/sign-up HTTP/1.1\" 500 1042 \"-\" \"PostmanRuntime/7.51.0\"","service":"acquistions api","timestamp":"2026-01-20T16:27:22.024Z"}
{"level":"info","message":"User anuj@gmail.com created successfully","service":"acquistions api","timestamp":"2026-01-20T16:28:35.250Z"}
{"level":"info","message":"User registered successfully: anuj@gmail.com","service":"acquistions api","timestamp":"2026-01-20T16:28:35.259Z"}
{"level":"info","message":"::1 - - [20/Jan/2026:16:28:35 +0000] \"POST /api/auth/sign-up HTTP/1.1\" 201 101 \"-\" \"PostmanRuntime/7.51.0\"","service":"acquistions api","timestamp":"2026-01-20T16:28:35.263Z"}
{"level":"info","message":"Hello from Acquistions!","service":"acquistions api","timestamp":"2026-01-21T09:40:36.859Z"}
{"level":"info","message":"::1 - - [21/Jan/2026:09:40:36 +0000] \"GET / HTTP/1.1\" 200 25 \"-\" \"Mozilla/5.0 (Macintosh; Intel Mac OS X 10_15_7) AppleWebKit/537.36 (KHTML, like Gecko) Chrome/144.0.0.0 Safari/537.36\"","service":"acquistions api","timestamp":"2026-01-21T09:40:36.867Z"}
{"level":"info","message":"::1 - - [21/Jan/2026:09:41:30 +0000] \"GET /health HTTP/1.1\" 200 106 \"-\" \"Mozilla/5.0 (Macintosh; Intel Mac OS X 10_15_7) AppleWebKit/537.36 (KHTML, like Gecko) Chrome/144.0.0.0 Safari/537.36\"","service":"acquistions api","timestamp":"2026-01-21T09:41:30.679Z"}
{"level":"info","message":"::1 - - [21/Jan/2026:09:42:02 +0000] \"GET /health HTTP/1.1\" 200 106 \"-\" \"Mozilla/5.0 (Macintosh; Intel Mac OS X 10_15_7) AppleWebKit/537.36 (KHTML, like Gecko) Chrome/144.0.0.0 Safari/537.36\"","service":"acquistions api","timestamp":"2026-01-21T09:42:02.273Z"}
{"level":"info","message":"::1 - - [21/Jan/2026:09:42:02 +0000] \"GET /favicon.ico HTTP/1.1\" 404 150 \"-\" \"Mozilla/5.0 (Macintosh; Intel Mac OS X 10_15_7) AppleWebKit/537.36 (KHTML, like Gecko) Chrome/144.0.0.0 Safari/537.36\"","service":"acquistions api","timestamp":"2026-01-21T09:42:02.309Z"}
{"level":"info","message":"::1 - - [21/Jan/2026:09:42:03 +0000] \"GET /health HTTP/1.1\" 200 106 \"-\" \"Mozilla/5.0 (Macintosh; Intel Mac OS X 10_15_7) AppleWebKit/537.36 (KHTML, like Gecko) Chrome/144.0.0.0 Safari/537.36\"","service":"acquistions api","timestamp":"2026-01-21T09:42:03.001Z"}
{"level":"info","message":"::1 - - [21/Jan/2026:09:42:03 +0000] \"GET /health HTTP/1.1\" 200 106 \"-\" \"Mozilla/5.0 (Macintosh; Intel Mac OS X 10_15_7) AppleWebKit/537.36 (KHTML, like Gecko) Chrome/144.0.0.0 Safari/537.36\"","service":"acquistions api","timestamp":"2026-01-21T09:42:03.589Z"}
{"level":"info","message":"User anuj@gmail.com authenticated successfully","service":"acquistions api","timestamp":"2026-01-22T15:46:42.929Z"}
{"level":"info","message":"User signed in successfully: anuj@gmail.com","service":"acquistions api","timestamp":"2026-01-22T15:46:42.931Z"}
{"level":"info","message":"::1 - - [22/Jan/2026:15:46:42 +0000] \"POST /api/auth/sign-in HTTP/1.1\" 200 113 \"-\" \"PostmanRuntime/7.51.0\"","service":"acquistions api","timestamp":"2026-01-22T15:46:42.933Z"}
{"level":"info","message":"User signed out successfully","service":"acquistions api","timestamp":"2026-01-22T15:46:52.684Z"}
{"level":"info","message":"::1 - - [22/Jan/2026:15:46:52 +0000] \"POST /api/auth/sign-out HTTP/1.1\" 200 42 \"-\" \"PostmanRuntime/7.51.0\"","service":"acquistions api","timestamp":"2026-01-22T15:46:52.685Z"}
