{"level":"error","message":"Error hashing the password: Error: data and salt arguments required","service":"acquistions api","timestamp":"2026-01-20T16:17:57.277Z"}
{"level":"error","message":"Error creating user: TypeError: Cannot convert undefined or null to object","service":"acquistions api","timestamp":"2026-01-20T16:17:57.279Z"}
{"level":"error","message":"Signup Error Cannot read properties of undefined (reading 'id')","service":"acquistions api","stack":"TypeError: Cannot read properties of undefined (reading 'id')\n    at signup (file:///Users/anuj846k/Developer/acquisitions/src/controllers/auth.controller.js:22:16)\n    at process.processTicksAndRejections (node:internal/process/task_queues:105:5)","timestamp":"2026-01-20T16:17:57.279Z"}
{"level":"error","message":"Error hashing the password: Error: data and salt arguments required","service":"acquistions api","timestamp":"2026-01-20T16:18:17.027Z"}
{"level":"error","message":"Error creating user: TypeError: Cannot convert undefined or null to object","service":"acquistions api","timestamp":"2026-01-20T16:18:17.028Z"}
{"level":"error","message":"Signup Error Cannot read properties of undefined (reading 'id')","service":"acquistions api","stack":"TypeError: Cannot read properties of undefined (reading 'id')\n    at signup (file:///Users/anuj846k/Developer/acquisitions/src/controllers/auth.controller.js:22:16)\n    at process.processTicksAndRejections (node:internal/process/task_queues:105:5)","timestamp":"2026-01-20T16:18:17.028Z"}
{"level":"error","message":"Error hashing the password: Error: data and salt arguments required","service":"acquistions api","timestamp":"2026-01-20T16:21:22.327Z"}
{"level":"error","message":"Error creating user: TypeError: Cannot convert undefined or null to object","service":"acquistions api","timestamp":"2026-01-20T16:21:22.330Z"}
{"level":"error","message":"Signup Error Cannot read properties of undefined (reading 'id')","service":"acquistions api","stack":"TypeError: Cannot read properties of undefined (reading 'id')\n    at signup (file:///Users/anuj846k/Developer/acquisitions/src/controllers/auth.controller.js:22:16)\n    at process.processTicksAndRejections (node:internal/process/task_queues:105:5)","timestamp":"2026-01-20T16:21:22.330Z"}
{"level":"error","message":"Error hashing the password: Error: data and salt arguments required","service":"acquistions api","timestamp":"2026-01-20T16:21:34.950Z"}
{"level":"error","message":"Error creating user: TypeError: object is not iterable (cannot read property Symbol(Symbol.iterator))","service":"acquistions api","timestamp":"2026-01-20T16:21:34.953Z"}
{"level":"error","message":"Signup Error Cannot read properties of undefined (reading 'id')","service":"acquistions api","stack":"TypeError: Cannot read properties of undefined (reading 'id')\n    at signup (file:///Users/anuj846k/Developer/acquisitions/src/controllers/auth.controller.js:22:16)\n    at process.processTicksAndRejections (node:internal/process/task_queues:105:5)","timestamp":"2026-01-20T16:21:34.954Z"}
{"level":"error","message":"Error creating user: Error: Password is required for hashing","service":"acquistions api","timestamp":"2026-01-20T16:23:05.425Z"}
{"level":"error","message":"Signup Error Cannot read properties of undefined (reading 'id')","service":"acquistions api","stack":"TypeError: Cannot read properties of undefined (reading 'id')\n    at signup (file:///Users/anuj846k/Developer/acquisitions/src/controllers/auth.controller.js:22:16)\n    at process.processTicksAndRejections (node:internal/process/task_queues:105:5)","timestamp":"2026-01-20T16:23:05.427Z"}
{"level":"error","message":"Error creating user: Error: Password is required for hashing","service":"acquistions api","timestamp":"2026-01-20T16:24:06.125Z"}
{"level":"error","message":"Signup Error Cannot read properties of undefined (reading 'id')","service":"acquistions api","stack":"TypeError: Cannot read properties of undefined (reading 'id')\n    at signup (file:///Users/anuj846k/Developer/acquisitions/src/controllers/auth.controller.js:22:16)\n    at process.processTicksAndRejections (node:internal/process/task_queues:105:5)","timestamp":"2026-01-20T16:24:06.128Z"}
{"level":"error","message":"Error hashing the password: Error: data and salt arguments required","service":"acquistions api","timestamp":"2026-01-20T16:26:05.806Z"}
{"level":"error","message":"Error creating the user: Error: Error hashing","service":"acquistions api","timestamp":"2026-01-20T16:26:05.810Z"}
{"level":"error","message":"Signup Error Error hashing","service":"acquistions api","stack":"Error: Error hashing\n    at hashPassword (file:///Users/anuj846k/Developer/acquisitions/src/services/auth.service.js:12:11)\n    at process.processTicksAndRejections (node:internal/process/task_queues:105:5)\n    at async createUser (file:///Users/anuj846k/Developer/acquisitions/src/services/auth.service.js:36:27)\n    at async signup (file:///Users/anuj846k/Developer/acquisitions/src/controllers/auth.controller.js:20:18)","timestamp":"2026-01-20T16:26:05.811Z"}
{"level":"error","message":"Error creating the user: TypeError: Cannot convert undefined or null to object","service":"acquistions api","timestamp":"2026-01-20T16:27:22.020Z"}
{"level":"error","message":"Signup error Cannot convert undefined or null to object","service":"acquistions api","stack":"TypeError: Cannot convert undefined or null to object\n    at Function.entries (<anonymous>)\n    at orderSelectedFields (file:///Users/anuj846k/Developer/acquisitions/node_modules/drizzle-orm/utils.js:55:17)\n    at file:///Users/anuj846k/Developer/acquisitions/node_modules/drizzle-orm/utils.js:65:22\n    at Array.reduce (<anonymous>)\n    at orderSelectedFields (file:///Users/anuj846k/Developer/acquisitions/node_modules/drizzle-orm/utils.js:55:33)\n    at QueryPromise.returning (file:///Users/anuj846k/Developer/acquisitions/node_modules/drizzle-orm/pg-core/query-builders/insert.js:75:29)\n    at createUser (file:///Users/anuj846k/Developer/acquisitions/src/services/auth.service.js:41:8)\n    at async signup (file:///Users/anuj846k/Developer/acquisitions/src/controllers/auth.controller.js:21:18)","timestamp":"2026-01-20T16:27:22.023Z"}
